Archive member included to satisfy reference by file (symbol)

/home/spolknut/ARMToolChains/gcc-arm-none-eabi-5_2-2015q4/bin/../lib/gcc/arm-none-eabi/5.2.1/../../../../arm-none-eabi/lib/armv7e-m/libg_nano.a(lib_a-errno.o)
                              ./system/src/newlib/_sbrk.o (__errno)
/home/spolknut/ARMToolChains/gcc-arm-none-eabi-5_2-2015q4/bin/../lib/gcc/arm-none-eabi/5.2.1/../../../../arm-none-eabi/lib/armv7e-m/libg_nano.a(lib_a-impure.o)
                              /home/spolknut/ARMToolChains/gcc-arm-none-eabi-5_2-2015q4/bin/../lib/gcc/arm-none-eabi/5.2.1/../../../../arm-none-eabi/lib/armv7e-m/libg_nano.a(lib_a-errno.o) (_impure_ptr)
/home/spolknut/ARMToolChains/gcc-arm-none-eabi-5_2-2015q4/bin/../lib/gcc/arm-none-eabi/5.2.1/../../../../arm-none-eabi/lib/armv7e-m/libg_nano.a(lib_a-strlen.o)
                              ./system/src/diag/Trace.o (strlen)
/home/spolknut/ARMToolChains/gcc-arm-none-eabi-5_2-2015q4/bin/../lib/gcc/arm-none-eabi/5.2.1/../../../../arm-none-eabi/lib/armv7e-m/libg_nano.a(lib_a-vsnprintf.o)
                              ./system/src/diag/Trace.o (vsnprintf)
/home/spolknut/ARMToolChains/gcc-arm-none-eabi-5_2-2015q4/bin/../lib/gcc/arm-none-eabi/5.2.1/../../../../arm-none-eabi/lib/armv7e-m/libg_nano.a(lib_a-nano-svfprintf.o)
                              /home/spolknut/ARMToolChains/gcc-arm-none-eabi-5_2-2015q4/bin/../lib/gcc/arm-none-eabi/5.2.1/../../../../arm-none-eabi/lib/armv7e-m/libg_nano.a(lib_a-vsnprintf.o) (_svfprintf_r)
/home/spolknut/ARMToolChains/gcc-arm-none-eabi-5_2-2015q4/bin/../lib/gcc/arm-none-eabi/5.2.1/../../../../arm-none-eabi/lib/armv7e-m/libg_nano.a(lib_a-nano-vfprintf_i.o)
                              /home/spolknut/ARMToolChains/gcc-arm-none-eabi-5_2-2015q4/bin/../lib/gcc/arm-none-eabi/5.2.1/../../../../arm-none-eabi/lib/armv7e-m/libg_nano.a(lib_a-nano-svfprintf.o) (_printf_i)
/home/spolknut/ARMToolChains/gcc-arm-none-eabi-5_2-2015q4/bin/../lib/gcc/arm-none-eabi/5.2.1/../../../../arm-none-eabi/lib/armv7e-m/libg_nano.a(lib_a-memchr.o)
                              /home/spolknut/ARMToolChains/gcc-arm-none-eabi-5_2-2015q4/bin/../lib/gcc/arm-none-eabi/5.2.1/../../../../arm-none-eabi/lib/armv7e-m/libg_nano.a(lib_a-nano-svfprintf.o) (memchr)
/home/spolknut/ARMToolChains/gcc-arm-none-eabi-5_2-2015q4/bin/../lib/gcc/arm-none-eabi/5.2.1/../../../../arm-none-eabi/lib/armv7e-m/libg_nano.a(lib_a-memcpy-stub.o)
                              /home/spolknut/ARMToolChains/gcc-arm-none-eabi-5_2-2015q4/bin/../lib/gcc/arm-none-eabi/5.2.1/../../../../arm-none-eabi/lib/armv7e-m/libg_nano.a(lib_a-nano-svfprintf.o) (memcpy)
/home/spolknut/ARMToolChains/gcc-arm-none-eabi-5_2-2015q4/bin/../lib/gcc/arm-none-eabi/5.2.1/../../../../arm-none-eabi/lib/armv7e-m/libg_nano.a(lib_a-memmove.o)
                              /home/spolknut/ARMToolChains/gcc-arm-none-eabi-5_2-2015q4/bin/../lib/gcc/arm-none-eabi/5.2.1/../../../../arm-none-eabi/lib/armv7e-m/libg_nano.a(lib_a-nano-svfprintf.o) (memmove)
/home/spolknut/ARMToolChains/gcc-arm-none-eabi-5_2-2015q4/bin/../lib/gcc/arm-none-eabi/5.2.1/../../../../arm-none-eabi/lib/armv7e-m/libg_nano.a(lib_a-nano-freer.o)
                              /home/spolknut/ARMToolChains/gcc-arm-none-eabi-5_2-2015q4/bin/../lib/gcc/arm-none-eabi/5.2.1/../../../../arm-none-eabi/lib/armv7e-m/libg_nano.a(lib_a-nano-svfprintf.o) (_free_r)
/home/spolknut/ARMToolChains/gcc-arm-none-eabi-5_2-2015q4/bin/../lib/gcc/arm-none-eabi/5.2.1/../../../../arm-none-eabi/lib/armv7e-m/libg_nano.a(lib_a-nano-mallocr.o)
                              /home/spolknut/ARMToolChains/gcc-arm-none-eabi-5_2-2015q4/bin/../lib/gcc/arm-none-eabi/5.2.1/../../../../arm-none-eabi/lib/armv7e-m/libg_nano.a(lib_a-nano-svfprintf.o) (_malloc_r)
/home/spolknut/ARMToolChains/gcc-arm-none-eabi-5_2-2015q4/bin/../lib/gcc/arm-none-eabi/5.2.1/../../../../arm-none-eabi/lib/armv7e-m/libg_nano.a(lib_a-nano-reallocr.o)
                              /home/spolknut/ARMToolChains/gcc-arm-none-eabi-5_2-2015q4/bin/../lib/gcc/arm-none-eabi/5.2.1/../../../../arm-none-eabi/lib/armv7e-m/libg_nano.a(lib_a-nano-svfprintf.o) (_realloc_r)
/home/spolknut/ARMToolChains/gcc-arm-none-eabi-5_2-2015q4/bin/../lib/gcc/arm-none-eabi/5.2.1/../../../../arm-none-eabi/lib/armv7e-m/libg_nano.a(lib_a-sbrkr.o)
                              /home/spolknut/ARMToolChains/gcc-arm-none-eabi-5_2-2015q4/bin/../lib/gcc/arm-none-eabi/5.2.1/../../../../arm-none-eabi/lib/armv7e-m/libg_nano.a(lib_a-nano-mallocr.o) (_sbrk_r)
/home/spolknut/ARMToolChains/gcc-arm-none-eabi-5_2-2015q4/bin/../lib/gcc/arm-none-eabi/5.2.1/../../../../arm-none-eabi/lib/armv7e-m/libg_nano.a(lib_a-nano-msizer.o)
                              /home/spolknut/ARMToolChains/gcc-arm-none-eabi-5_2-2015q4/bin/../lib/gcc/arm-none-eabi/5.2.1/../../../../arm-none-eabi/lib/armv7e-m/libg_nano.a(lib_a-nano-reallocr.o) (_malloc_usable_size_r)

Allocating common symbols
Common symbol       size              file

timer_delayCount    0x4               ./src/Timer.o
[...]
Memory Configuration

Name             Origin             Length             Attributes
RAM              0x20000000         0x00020000         xrw
CCMRAM           0x10000000         0x00010000         xrw
FLASH            0x08000000         0x00100000         xr
FLASHB1          0x00000000         0x00000000         xr
EXTMEMB0         0x00000000         0x00000000         xr
EXTMEMB1         0x00000000         0x00000000         xr
EXTMEMB2         0x00000000         0x00000000         xr
EXTMEMB3         0x00000000         0x00000000         xr
MEMORY_ARRAY     0x20002000         0x00000020         xrw
*default*        0x00000000         0xffffffff

Linker script and memory map

LOAD ./system/src/stm32f4-hal/stm32f4xx_hal.o
LOAD ./system/src/stm32f4-hal/stm32f4xx_hal_cortex.o
LOAD ./system/src/stm32f4-hal/stm32f4xx_hal_flash.o
LOAD ./system/src/stm32f4-hal/stm32f4xx_hal_gpio.o
LOAD ./system/src/stm32f4-hal/stm32f4xx_hal_iwdg.o
LOAD ./system/src/stm32f4-hal/stm32f4xx_hal_pwr.o
LOAD ./system/src/stm32f4-hal/stm32f4xx_hal_rcc.o
LOAD ./system/src/newlib/_cxx.o
LOAD ./system/src/newlib/_exit.o
LOAD ./system/src/newlib/_sbrk.o
LOAD ./system/src/newlib/_startup.o
LOAD ./system/src/newlib/_syscalls.o
LOAD ./system/src/newlib/assert.o
LOAD ./system/src/diag/Trace.o
LOAD ./system/src/diag/trace_impl.o
LOAD ./system/src/cortexm/_initialize_hardware.o
LOAD ./system/src/cortexm/_reset_hardware.o
LOAD ./system/src/cortexm/exception_handlers.o
LOAD ./system/src/cmsis/system_stm32f4xx.o
LOAD ./system/src/cmsis/vectors_stm32f407xx.o
LOAD ./src/BlinkLed.o
LOAD ./src/Timer.o
LOAD ./src/_initialize_hardware.o
LOAD ./src/_write.o
LOAD ./src/main.o
LOAD ./src/stm32f4xx_hal_msp.o
LOAD /home/spolknut/ARMToolChains/gcc-arm-none-eabi-5_2-2015q4/bin/../lib/gcc/arm-none-eabi/5.2.1/../../../../arm-none-eabi/lib/armv7e-m/libstdc++_nano.a
LOAD /home/spolknut/ARMToolChains/gcc-arm-none-eabi-5_2-2015q4/bin/../lib/gcc/arm-none-eabi/5.2.1/../../../../arm-none-eabi/lib/armv7e-m/libm.a
START GROUP
LOAD /home/spolknut/ARMToolChains/gcc-arm-none-eabi-5_2-2015q4/bin/../lib/gcc/arm-none-eabi/5.2.1/armv7e-m/libgcc.a
LOAD /home/spolknut/ARMToolChains/gcc-arm-none-eabi-5_2-2015q4/bin/../lib/gcc/arm-none-eabi/5.2.1/../../../../arm-none-eabi/lib/armv7e-m/libg_nano.a
LOAD /home/spolknut/ARMToolChains/gcc-arm-none-eabi-5_2-2015q4/bin/../lib/gcc/arm-none-eabi/5.2.1/../../../../arm-none-eabi/lib/armv7e-m/libc_nano.a
END GROUP
START GROUP
LOAD /home/spolknut/ARMToolChains/gcc-arm-none-eabi-5_2-2015q4/bin/../lib/gcc/arm-none-eabi/5.2.1/armv7e-m/libgcc.a
LOAD /home/spolknut/ARMToolChains/gcc-arm-none-eabi-5_2-2015q4/bin/../lib/gcc/arm-none-eabi/5.2.1/../../../../arm-none-eabi/lib/armv7e-m/libc_nano.a
END GROUP
                0x20020000                __stack = (ORIGIN (RAM) + LENGTH (RAM))
                0x20020000                _estack = __stack
                0x00000400                __Main_Stack_Size = 0x400
                [!provide]                PROVIDE (_Main_Stack_Size, __Main_Stack_Size)
                0x2001fc00                __Main_Stack_Limit = (__stack - __Main_Stack_Size)
                [!provide]                PROVIDE (_Main_Stack_Limit, __Main_Stack_Limit)
                0x00000100                _Minimum_Stack_Size = 0x100
                0x2000011c                PROVIDE (_Heap_Begin, _end_noinit)
                0x2001fc00                PROVIDE (_Heap_Limit, (__stack - __Main_Stack_Size))

.isr_vector     0x08000000      0x3ec
 FILL mask 0xff
                0x08000000                __vectors_start = ABSOLUTE (.)
                0x08000000                __vectors_start__ = ABSOLUTE (.)
 *(.isr_vector)
 .isr_vector    0x08000000      0x188 ./system/src/cmsis/vectors_stm32f407xx.o
                0x08000000                __isr_vectors
 *(.cfmconfig)
 *(.after_vectors .after_vectors.*)
 .after_vectors
                0x08000188      0x130 ./system/src/newlib/_startup.o
                0x08000188                _start
 .after_vectors
                0x080002b8      0x130 ./system/src/cortexm/exception_handlers.o
                0x080002b8                Reset_Handler
                0x080002c0                NMI_Handler
                0x080002c4                HardFault_Handler
                0x080002d8                HardFault_Handler_C
                0x08000338                MemManage_Handler
                0x0800033c                BusFault_Handler
                0x08000350                BusFault_Handler_C
                0x08000384                UsageFault_Handler
                0x08000398                UsageFault_Handler_C
                0x080003cc                SVC_Handler
                0x080003d0                DebugMon_Handler
                0x080003d4                PendSV_Handler
 .after_vectors
                0x080003e8        0x4 ./system/src/cmsis/vectors_stm32f407xx.o
                0x080003e8                RTC_Alarm_IRQHandler
                0x080003e8                HASH_RNG_IRQHandler
                0x080003e8                EXTI2_IRQHandler
                0x080003e8                TIM8_CC_IRQHandler
                0x080003e8                TIM1_CC_IRQHandler
                0x080003e8                DMA2_Stream5_IRQHandler
                0x080003e8                DMA1_Stream5_IRQHandler
                0x080003e8                PVD_IRQHandler
                0x080003e8                SDIO_IRQHandler
                0x080003e8                TAMP_STAMP_IRQHandler
                0x080003e8                CAN2_RX1_IRQHandler
                0x080003e8                EXTI3_IRQHandler
                0x080003e8                TIM8_TRG_COM_TIM14_IRQHandler
                0x080003e8                TIM1_UP_TIM10_IRQHandler
                0x080003e8                TIM8_UP_TIM13_IRQHandler
                0x080003e8                I2C3_ER_IRQHandler
                0x080003e8                EXTI0_IRQHandler
                0x080003e8                I2C2_EV_IRQHandler
                0x080003e8                DMA1_Stream2_IRQHandler
                0x080003e8                CAN1_RX0_IRQHandler
                0x080003e8                FPU_IRQHandler
                0x080003e8                OTG_HS_WKUP_IRQHandler
                0x080003e8                CAN2_SCE_IRQHandler
                0x080003e8                DMA2_Stream2_IRQHandler
                0x080003e8                SPI1_IRQHandler
                0x080003e8                TIM6_DAC_IRQHandler
                0x080003e8                TIM1_BRK_TIM9_IRQHandler
                0x080003e8                DCMI_IRQHandler
                0x080003e8                CAN2_RX0_IRQHandler
                0x080003e8                DMA2_Stream3_IRQHandler
                0x080003e8                USART6_IRQHandler
                0x080003e8                USART3_IRQHandler
                0x080003e8                CAN1_RX1_IRQHandler
                0x080003e8                UART5_IRQHandler
                0x080003e8                DMA2_Stream0_IRQHandler
                0x080003e8                TIM4_IRQHandler
                0x080003e8                I2C1_EV_IRQHandler
                0x080003e8                DMA1_Stream6_IRQHandler
                0x080003e8                DMA1_Stream1_IRQHandler
                0x080003e8                UART4_IRQHandler
                0x080003e8                TIM3_IRQHandler
                0x080003e8                RCC_IRQHandler
                0x080003e8                TIM8_BRK_TIM12_IRQHandler
                0x080003e8                Default_Handler
                0x080003e8                EXTI15_10_IRQHandler
                0x080003e8                ADC_IRQHandler
                0x080003e8                DMA1_Stream7_IRQHandler
                0x080003e8                TIM7_IRQHandler
                0x080003e8                CAN2_TX_IRQHandler
                0x080003e8                TIM5_IRQHandler
                0x080003e8                DMA2_Stream7_IRQHandler
                0x080003e8                I2C3_EV_IRQHandler
                0x080003e8                EXTI9_5_IRQHandler
                0x080003e8                RTC_WKUP_IRQHandler
                0x080003e8                ETH_WKUP_IRQHandler
                0x080003e8                SPI2_IRQHandler
                0x080003e8                OTG_HS_EP1_IN_IRQHandler
                0x080003e8                DMA1_Stream0_IRQHandler
                0x080003e8                CAN1_TX_IRQHandler
                0x080003e8                EXTI4_IRQHandler
                0x080003e8                ETH_IRQHandler
                0x080003e8                OTG_HS_EP1_OUT_IRQHandler
                0x080003e8                WWDG_IRQHandler
                0x080003e8                TIM2_IRQHandler
                0x080003e8                OTG_FS_WKUP_IRQHandler
                0x080003e8                TIM1_TRG_COM_TIM11_IRQHandler
                0x080003e8                OTG_HS_IRQHandler
                0x080003e8                EXTI1_IRQHandler
                0x080003e8                USART2_IRQHandler
                0x080003e8                I2C2_ER_IRQHandler
                0x080003e8                DMA2_Stream1_IRQHandler
                0x080003e8                CAN1_SCE_IRQHandler
                0x080003e8                FLASH_IRQHandler
                0x080003e8                DMA2_Stream4_IRQHandler
                0x080003e8                USART1_IRQHandler
                0x080003e8                OTG_FS_IRQHandler
                0x080003e8                SPI3_IRQHandler
                0x080003e8                DMA1_Stream4_IRQHandler
                0x080003e8                I2C1_ER_IRQHandler
                0x080003e8                FMC_IRQHandler
                0x080003e8                DMA2_Stream6_IRQHandler
                0x080003e8                DMA1_Stream3_IRQHandler

.inits          0x080003ec       0x28
                0x080003ec                __data_regions_array_start = .
                0x080003ec        0x4 LONG 0x8002328 LOADADDR (.data)
                0x080003f0        0x4 LONG 0x20000000 ADDR (.data)
                0x080003f4        0x4 LONG 0x20000078 (ADDR (.data) + SIZEOF (.data))
                0x080003f8        0x4 LONG 0x8002328 LOADADDR (.data_CCMRAM)
                0x080003fc        0x4 LONG 0x10000000 ADDR (.data_CCMRAM)
                0x08000400        0x4 LONG 0x10000000 (ADDR (.data_CCMRAM) + SIZEOF (.data_CCMRAM))
                0x08000404                __data_regions_array_end = .
                0x08000404                __bss_regions_array_start = .
                0x08000404        0x4 LONG 0x20000078 ADDR (.bss)
                0x08000408        0x4 LONG 0x2000011c (ADDR (.bss) + SIZEOF (.bss))
                0x0800040c        0x4 LONG 0x10000000 ADDR (.bss_CCMRAM)
                0x08000410        0x4 LONG 0x10000000 (ADDR (.bss_CCMRAM) + SIZEOF (.bss_CCMRAM))
                0x08000414                __bss_regions_array_end = .
 *(.init)
 *(.fini)
                0x08000414                . = ALIGN (0x4)
                0x08000414                PROVIDE (__preinit_array_start, .)
 *(.preinit_array_sysinit .preinit_array_sysinit.*)
 *(.preinit_array_platform .preinit_array_platform.*)
 *(.preinit_array .preinit_array.*)
                0x08000414                PROVIDE (__preinit_array_end, .)
                0x08000414                . = ALIGN (0x4)
                0x08000414                PROVIDE (__init_array_start, .)
 *(SORT(.init_array.*))
 *(.init_array)
                0x08000414                PROVIDE (__init_array_end, .)
                0x08000414                . = ALIGN (0x4)
                0x08000414                PROVIDE (__fini_array_start, .)
 *(SORT(.fini_array.*))
 *(.fini_array)
                0x08000414                PROVIDE (__fini_array_end, .)

.flashtext
 *(.flashtext .flashtext.*)

.text           0x08000420     0x1f05
 *(.text .text.*)
 .text.HAL_InitTick
                0x08000420       0x28 ./system/src/stm32f4-hal/stm32f4xx_hal.o
                0x08000420                HAL_InitTick
 .text.HAL_Init
                0x08000448       0x34 ./system/src/stm32f4-hal/stm32f4xx_hal.o
                0x08000448                HAL_Init
 .text.HAL_IncTick
                0x0800047c       0x10 ./system/src/stm32f4-hal/stm32f4xx_hal.o
                0x0800047c                HAL_IncTick
 .text.HAL_GetTick
                0x0800048c        0xc ./system/src/stm32f4-hal/stm32f4xx_hal.o
                0x0800048c                HAL_GetTick
 .text.HAL_NVIC_SetPriorityGrouping
                0x08000498       0x3c ./system/src/stm32f4-hal/stm32f4xx_hal_cortex.o
                0x08000498                HAL_NVIC_SetPriorityGrouping
 .text.HAL_NVIC_SetPriority
                0x080004d4       0x84 ./system/src/stm32f4-hal/stm32f4xx_hal_cortex.o
                0x080004d4                HAL_NVIC_SetPriority
 .text.HAL_SYSTICK_Config
                0x08000558       0x2c ./system/src/stm32f4-hal/stm32f4xx_hal_cortex.o
                0x08000558                HAL_SYSTICK_Config
 .text.HAL_SYSTICK_CLKSourceConfig
                0x08000584       0x38 ./system/src/stm32f4-hal/stm32f4xx_hal_cortex.o
                0x08000584                HAL_SYSTICK_CLKSourceConfig
 .text.HAL_GPIO_Init
                0x080005bc      0x32c ./system/src/stm32f4-hal/stm32f4xx_hal_gpio.o
                0x080005bc                HAL_GPIO_Init
 .text.HAL_GPIO_WritePin
                0x080008e8       0x34 ./system/src/stm32f4-hal/stm32f4xx_hal_gpio.o
                0x080008e8                HAL_GPIO_WritePin
 .text.HAL_RCC_OscConfig
                0x0800091c      0x4a8 ./system/src/stm32f4-hal/stm32f4xx_hal_rcc.o
                0x0800091c                HAL_RCC_OscConfig
 .text.HAL_RCC_ClockConfig
                0x08000dc4      0x368 ./system/src/stm32f4-hal/stm32f4xx_hal_rcc.o
                0x08000dc4                HAL_RCC_ClockConfig
 .text.HAL_RCC_GetSysClockFreq
                0x0800112c       0xa0 ./system/src/stm32f4-hal/stm32f4xx_hal_rcc.o
                0x0800112c                HAL_RCC_GetSysClockFreq
 .text.HAL_RCC_GetHCLKFreq
                0x080011cc       0x34 ./system/src/stm32f4-hal/stm32f4xx_hal_rcc.o
                0x080011cc                HAL_RCC_GetHCLKFreq
 .text._exit    0x08001200        0x4 ./system/src/newlib/_exit.o
                0x08001200                _exit
 .text.abort    0x08001204       0x14 ./system/src/newlib/_exit.o
                0x08001204                abort
 .text._sbrk    0x08001218       0x44 ./system/src/newlib/_sbrk.o
                0x08001218                _sbrk
 .text.__initialize_args
                0x0800125c       0x10 ./system/src/newlib/_syscalls.o
                0x0800125c                __initialize_args
 .text.assert_failed
                0x0800126c       0x14 ./system/src/newlib/assert.o
                0x0800126c                assert_failed
 .text.trace_printf
                0x08001280       0x30 ./system/src/diag/Trace.o
                0x08001280                trace_printf
 .text.trace_puts
                0x080012b0       0x20 ./system/src/diag/Trace.o
                0x080012b0                trace_puts
 .text._trace_write_semihosting_debug
                0x080012d0       0x64 ./system/src/diag/trace_impl.o
 .text.trace_write
                0x08001334        0x8 ./system/src/diag/trace_impl.o
                0x08001334                trace_write
 .text.__initialize_hardware_early
                0x0800133c       0x18 ./system/src/cortexm/_initialize_hardware.o
                0x0800133c                __initialize_hardware_early
 .text.dumpExceptionStack
                0x08001354       0xf0 ./system/src/cortexm/exception_handlers.o
                0x08001354                dumpExceptionStack
 .text.isSemihosting
                0x08001444       0x20 ./system/src/cortexm/exception_handlers.o
                0x08001444                isSemihosting
 .text.SystemInit
                0x08001464       0x40 ./system/src/cmsis/system_stm32f4xx.o
                0x08001464                SystemInit
 .text.SystemCoreClockUpdate
                0x080014a4       0xa0 ./system/src/cmsis/system_stm32f4xx.o
                0x080014a4                SystemCoreClockUpdate
 .text.blink_led_init
                0x08001544       0x40 ./src/BlinkLed.o
                0x08001544                blink_led_init
 .text.timer_start
                0x08001584       0x3c ./src/Timer.o
                0x08001584                timer_start
 .text.timer_sleep
                0x080015c0       0x14 ./src/Timer.o
                0x080015c0                timer_sleep
 .text.timer_tick
                0x080015d4       0x14 ./src/Timer.o
                0x080015d4                timer_tick
 .text.SysTick_Handler
                0x080015e8        0xc ./src/Timer.o
                0x080015e8                SysTick_Handler
 .text.SystemClock_Config
                0x080015f4       0x98 ./src/_initialize_hardware.o
                0x080015f4                SystemClock_Config
 .text.__initialize_hardware
                0x0800168c       0x10 ./src/_initialize_hardware.o
                0x0800168c                __initialize_hardware
 .text.main     0x0800169c       0x6c ./src/main.o
                0x0800169c                main
 .text.HAL_MspInit
                0x08001708        0x4 ./src/stm32f4xx_hal_msp.o
                0x08001708                HAL_MspInit
 .text.__errno  0x0800170c        0xc /home/spolknut/ARMToolChains/gcc-arm-none-eabi-5_2-2015q4/bin/../lib/gcc/arm-none-eabi/5.2.1/../../../../arm-none-eabi/lib/armv7e-m/libg_nano.a(lib_a-errno.o)
                0x0800170c                __errno
 .text          0x08001718       0x10 /home/spolknut/ARMToolChains/gcc-arm-none-eabi-5_2-2015q4/bin/../lib/gcc/arm-none-eabi/5.2.1/../../../../arm-none-eabi/lib/armv7e-m/libg_nano.a(lib_a-strlen.o)
                0x08001718                strlen
 .text._vsnprintf_r
                0x08001728       0x56 /home/spolknut/ARMToolChains/gcc-arm-none-eabi-5_2-2015q4/bin/../lib/gcc/arm-none-eabi/5.2.1/../../../../arm-none-eabi/lib/armv7e-m/libg_nano.a(lib_a-vsnprintf.o)
                0x08001728                _vsnprintf_r
                0x08001728                _vsniprintf_r
 *fill*         0x0800177e        0x2 
 .text.vsnprintf
                0x08001780       0x1c /home/spolknut/ARMToolChains/gcc-arm-none-eabi-5_2-2015q4/bin/../lib/gcc/arm-none-eabi/5.2.1/../../../../arm-none-eabi/lib/armv7e-m/libg_nano.a(lib_a-vsnprintf.o)
                0x08001780                vsnprintf
                0x08001780                vsniprintf
 .text.__ssputs_r
                0x0800179c       0xb2 /home/spolknut/ARMToolChains/gcc-arm-none-eabi-5_2-2015q4/bin/../lib/gcc/arm-none-eabi/5.2.1/../../../../arm-none-eabi/lib/armv7e-m/libg_nano.a(lib_a-nano-svfprintf.o)
                0x0800179c                __ssputs_r
 *fill*         0x0800184e        0x2 
 .text._svfprintf_r
                0x08001850      0x1e8 /home/spolknut/ARMToolChains/gcc-arm-none-eabi-5_2-2015q4/bin/../lib/gcc/arm-none-eabi/5.2.1/../../../../arm-none-eabi/lib/armv7e-m/libg_nano.a(lib_a-nano-svfprintf.o)
                0x08001850                _svfprintf_r
                0x08001850                _svfiprintf_r
 .text._printf_common
                0x08001a38       0xec /home/spolknut/ARMToolChains/gcc-arm-none-eabi-5_2-2015q4/bin/../lib/gcc/arm-none-eabi/5.2.1/../../../../arm-none-eabi/lib/armv7e-m/libg_nano.a(lib_a-nano-vfprintf_i.o)
                0x08001a38                _printf_common
 .text._printf_i
                0x08001b24      0x24c /home/spolknut/ARMToolChains/gcc-arm-none-eabi-5_2-2015q4/bin/../lib/gcc/arm-none-eabi/5.2.1/../../../../arm-none-eabi/lib/armv7e-m/libg_nano.a(lib_a-nano-vfprintf_i.o)
                0x08001b24                _printf_i
 .text          0x08001d70       0xa0 /home/spolknut/ARMToolChains/gcc-arm-none-eabi-5_2-2015q4/bin/../lib/gcc/arm-none-eabi/5.2.1/../../../../arm-none-eabi/lib/armv7e-m/libg_nano.a(lib_a-memchr.o)
                0x08001d70                memchr
 .text.memcpy   0x08001e10       0x16 /home/spolknut/ARMToolChains/gcc-arm-none-eabi-5_2-2015q4/bin/../lib/gcc/arm-none-eabi/5.2.1/../../../../arm-none-eabi/lib/armv7e-m/libg_nano.a(lib_a-memcpy-stub.o)
                0x08001e10                memcpy
 .text.memmove  0x08001e26       0x36 /home/spolknut/ARMToolChains/gcc-arm-none-eabi-5_2-2015q4/bin/../lib/gcc/arm-none-eabi/5.2.1/../../../../arm-none-eabi/lib/armv7e-m/libg_nano.a(lib_a-memmove.o)
                0x08001e26                memmove
 .text._free_r  0x08001e5c       0x8c /home/spolknut/ARMToolChains/gcc-arm-none-eabi-5_2-2015q4/bin/../lib/gcc/arm-none-eabi/5.2.1/../../../../arm-none-eabi/lib/armv7e-m/libg_nano.a(lib_a-nano-freer.o)
                0x08001e5c                _free_r
 .text._malloc_r
                0x08001ee8       0xa8 /home/spolknut/ARMToolChains/gcc-arm-none-eabi-5_2-2015q4/bin/../lib/gcc/arm-none-eabi/5.2.1/../../../../arm-none-eabi/lib/armv7e-m/libg_nano.a(lib_a-nano-mallocr.o)
                0x08001ee8                _malloc_r
 .text._realloc_r
                0x08001f90       0x4c /home/spolknut/ARMToolChains/gcc-arm-none-eabi-5_2-2015q4/bin/../lib/gcc/arm-none-eabi/5.2.1/../../../../arm-none-eabi/lib/armv7e-m/libg_nano.a(lib_a-nano-reallocr.o)
                0x08001f90                _realloc_r
 .text._sbrk_r  0x08001fdc       0x20 /home/spolknut/ARMToolChains/gcc-arm-none-eabi-5_2-2015q4/bin/../lib/gcc/arm-none-eabi/5.2.1/../../../../arm-none-eabi/lib/armv7e-m/libg_nano.a(lib_a-sbrkr.o)
                0x08001fdc                _sbrk_r
 .text._malloc_usable_size_r
                0x08001ffc       0x14 /home/spolknut/ARMToolChains/gcc-arm-none-eabi-5_2-2015q4/bin/../lib/gcc/arm-none-eabi/5.2.1/../../../../arm-none-eabi/lib/armv7e-m/libg_nano.a(lib_a-nano-msizer.o)
                0x08001ffc                _malloc_usable_size_r
 *(.rodata .rodata.* .constdata .constdata.*)
 .rodata.str1.4
                0x08002010       0x31 ./system/src/stm32f4-hal/stm32f4xx_hal_cortex.o
 *fill*         0x08002041        0x3 
 .rodata.str1.4
                0x08002044       0x2f ./system/src/stm32f4-hal/stm32f4xx_hal_gpio.o
 *fill*         0x08002073        0x1 
 .rodata.APBAHBPrescTable
                0x08002074       0x10 ./system/src/stm32f4-hal/stm32f4xx_hal_rcc.o
                0x08002074                APBAHBPrescTable
 .rodata.str1.4
                0x08002084       0x2e ./system/src/stm32f4-hal/stm32f4xx_hal_rcc.o
 *fill*         0x080020b2        0x2 
 .rodata.str1.4
                0x080020b4       0x14 ./system/src/newlib/_exit.o
 .rodata.str1.4
                0x080020c8       0x6b ./system/src/newlib/assert.o
                                 0x6f (size before relaxing)
 *fill*         0x08002133        0x1 
 .rodata.str1.4
                0x08002134       0x29 ./system/src/diag/Trace.o
                                 0x2d (size before relaxing)
 *fill*         0x0800215d        0x3 
 .rodata.str1.4
                0x08002160      0x146 ./system/src/cortexm/exception_handlers.o
 *fill*         0x080022a6        0x2 
 .rodata.AHBPrescTable
                0x080022a8       0x10 ./system/src/cmsis/system_stm32f4xx.o
                0x080022a8                AHBPrescTable
 .rodata.str1.4
                0x080022b8       0x38 ./src/main.o
                                 0x37 (size before relaxing)
 .rodata.str1.1
                0x080022f0        0x2 /home/spolknut/ARMToolChains/gcc-arm-none-eabi-5_2-2015q4/bin/../lib/gcc/arm-none-eabi/5.2.1/../../../../arm-none-eabi/lib/armv7e-m/libg_nano.a(lib_a-impure.o)
 .rodata.str1.1
                0x080022f2       0x11 /home/spolknut/ARMToolChains/gcc-arm-none-eabi-5_2-2015q4/bin/../lib/gcc/arm-none-eabi/5.2.1/../../../../arm-none-eabi/lib/armv7e-m/libg_nano.a(lib_a-nano-svfprintf.o)
 .rodata.str1.1
                0x08002303       0x22 /home/spolknut/ARMToolChains/gcc-arm-none-eabi-5_2-2015q4/bin/../lib/gcc/arm-none-eabi/5.2.1/../../../../arm-none-eabi/lib/armv7e-m/libg_nano.a(lib_a-nano-vfprintf_i.o)
 *(vtable)
 *(.eh_frame*)
 *(.glue_7)
 .glue_7        0x08002325        0x0 linker stubs
 *(.glue_7t)
 .glue_7t       0x08002325        0x0 linker stubs

.vfp11_veneer   0x08002328        0x0
 .vfp11_veneer  0x08002328        0x0 linker stubs

.v4_bx          0x08002328        0x0
 .v4_bx         0x08002328        0x0 linker stubs

.iplt           0x08002328        0x0
 .iplt          0x08002328        0x0 ./system/src/stm32f4-hal/stm32f4xx_hal.o

.rel.dyn        0x08002328        0x0
 .rel.iplt      0x08002328        0x0 ./system/src/stm32f4-hal/stm32f4xx_hal.o

.ARM.extab
 *(.ARM.extab* .gnu.linkonce.armextab.*)
                0x08002328                . = ALIGN (0x4)
                0x08002328                __exidx_start = .

.ARM.exidx
 *(.ARM.exidx* .gnu.linkonce.armexidx.*)
                0x08002328                __exidx_end = .
                0x08002328                . = ALIGN (0x4)
                0x08002328                _etext = .
                0x08002328                __etext = .

.data_CCMRAM    0x10000000        0x0 load address 0x08002328
 FILL mask 0xff
 *(.data.CCMRAM .data.CCMRAM.*)
                0x10000000                . = ALIGN (0x4)
                0x08002328                _sidata = LOADADDR (.data)

.data           0x20000000       0x78 load address 0x08002328
 FILL mask 0xff
                0x20000000                _sdata = .
                0x20000000                __data_start__ = .
 *(.data_begin .data_begin.*)
 .data_begin    0x20000000        0x4 ./system/src/newlib/_startup.o
 *(.data .data.*)
 .data.argv.4231
                0x20000004        0x8 ./system/src/newlib/_syscalls.o
 .data.SystemCoreClock
                0x2000000c        0x4 ./system/src/cmsis/system_stm32f4xx.o
                0x2000000c                SystemCoreClock
 .data.impure_data
                0x20000010       0x60 /home/spolknut/ARMToolChains/gcc-arm-none-eabi-5_2-2015q4/bin/../lib/gcc/arm-none-eabi/5.2.1/../../../../arm-none-eabi/lib/armv7e-m/libg_nano.a(lib_a-impure.o)
 .data._impure_ptr
                0x20000070        0x4 /home/spolknut/ARMToolChains/gcc-arm-none-eabi-5_2-2015q4/bin/../lib/gcc/arm-none-eabi/5.2.1/../../../../arm-none-eabi/lib/armv7e-m/libg_nano.a(lib_a-impure.o)
                0x20000070                _impure_ptr
 *(.data_end .data_end.*)
 .data_end      0x20000074        0x4 ./system/src/newlib/_startup.o
                0x20000078                . = ALIGN (0x4)
                0x20000078                _edata = .
                0x20000078                __data_end__ = .

.igot.plt       0x20000078        0x0 load address 0x080023a0
 .igot.plt      0x20000078        0x0 ./system/src/stm32f4-hal/stm32f4xx_hal.o

.bss_CCMRAM     0x10000000        0x0
 *(.bss.CCMRAM .bss.CCMRAM.*)

.bss            0x20000078       0xa4
                0x20000078                __bss_start__ = .
                0x20000078                _sbss = .
 *(.bss_begin .bss_begin.*)
 .bss_begin     0x20000078        0x4 ./system/src/newlib/_startup.o
 *(.bss .bss.*)
 .bss.uwTick    0x2000007c        0x4 ./system/src/stm32f4-hal/stm32f4xx_hal.o
 .bss.current_heap_end.3942
                0x20000080        0x4 ./system/src/newlib/_sbrk.o
 .bss.name.4230
                0x20000084        0x1 ./system/src/newlib/_syscalls.o
 *fill*         0x20000085        0x3 
 .bss.buf.5078  0x20000088       0x80 ./system/src/diag/Trace.o
 .bss.__malloc_sbrk_start
                0x20000108        0x4 /home/spolknut/ARMToolChains/gcc-arm-none-eabi-5_2-2015q4/bin/../lib/gcc/arm-none-eabi/5.2.1/../../../../arm-none-eabi/lib/armv7e-m/libg_nano.a(lib_a-nano-mallocr.o)
                0x20000108                __malloc_sbrk_start
 .bss.__malloc_free_list
                0x2000010c        0x4 /home/spolknut/ARMToolChains/gcc-arm-none-eabi-5_2-2015q4/bin/../lib/gcc/arm-none-eabi/5.2.1/../../../../arm-none-eabi/lib/armv7e-m/libg_nano.a(lib_a-nano-mallocr.o)
                0x2000010c                __malloc_free_list
 *(COMMON)
 COMMON         0x20000110        0x4 ./system/src/newlib/_syscalls.o
                0x20000110                errno
 COMMON         0x20000114        0x4 ./src/Timer.o
                0x20000114                timer_delayCount
 *(.bss_end .bss_end.*)
 .bss_end       0x20000118        0x4 ./system/src/newlib/_startup.o
                0x2000011c                . = ALIGN (0x4)
                0x2000011c                __bss_end__ = .
                0x2000011c                _ebss = .

.noinit_CCMRAM
 *(.noinit.CCMRAM .noinit.CCMRAM.*)

.noinit         0x2000011c        0x0
                0x2000011c                _noinit = .
 *(.noinit .noinit.*)
                0x2000011c                . = ALIGN (0x4)
                0x2000011c                _end_noinit = .
                [!provide]                PROVIDE (end, _end_noinit)
                [!provide]                PROVIDE (_end, _end_noinit)
                [!provide]                PROVIDE (__end, _end_noinit)
                [!provide]                PROVIDE (__end__, _end_noinit)

._check_stack   0x2000011c      0x100
                0x2000021c                . = (. + _Minimum_Stack_Size)
 *fill*         0x2000011c      0x100 

.b1text
 *(.b1text)
 *(.b1rodata)
 *(.b1rodata.*)

.eb0text
 *(.eb0text)
 *(.eb0rodata)
 *(.eb0rodata.*)

.eb1text
 *(.eb1text)
 *(.eb1rodata)
 *(.eb1rodata.*)

.eb2text
 *(.eb2text)
 *(.eb2rodata)
 *(.eb2rodata.*)

.eb3text
 *(.eb3text)
 *(.eb3rodata)
 *(.eb3rodata.*)

.stab
 *(.stab)

.stabstr
 *(.stabstr)

.stab.excl
 *(.stab.excl)

.stab.exclstr
 *(.stab.exclstr)

.stab.index
 *(.stab.index)

.stab.indexstr
 *(.stab.indexstr)

.comment        0x00000000       0x6e
 *(.comment)
 .comment       0x00000000       0x6e ./system/src/stm32f4-hal/stm32f4xx_hal.o
                                 0x6f (size before relaxing)
 .comment       0x0000006e       0x6f ./system/src/stm32f4-hal/stm32f4xx_hal_cortex.o
 .comment       0x0000006e       0x6f ./system/src/stm32f4-hal/stm32f4xx_hal_gpio.o
 .comment       0x0000006e       0x6f ./system/src/stm32f4-hal/stm32f4xx_hal_rcc.o
 .comment       0x0000006e       0x6f ./system/src/newlib/_exit.o
 .comment       0x0000006e       0x6f ./system/src/newlib/_sbrk.o
 .comment       0x0000006e       0x6f ./system/src/newlib/_startup.o
 .comment       0x0000006e       0x6f ./system/src/newlib/_syscalls.o
 .comment       0x0000006e       0x6f ./system/src/newlib/assert.o
 .comment       0x0000006e       0x6f ./system/src/diag/Trace.o
 .comment       0x0000006e       0x6f ./system/src/diag/trace_impl.o
 .comment       0x0000006e       0x6f ./system/src/cortexm/_initialize_hardware.o
 .comment       0x0000006e       0x6f ./system/src/cortexm/exception_handlers.o
 .comment       0x0000006e       0x6f ./system/src/cmsis/system_stm32f4xx.o
 .comment       0x0000006e       0x6f ./system/src/cmsis/vectors_stm32f407xx.o
 .comment       0x0000006e       0x6f ./src/BlinkLed.o
 .comment       0x0000006e       0x6f ./src/Timer.o
 .comment       0x0000006e       0x6f ./src/_initialize_hardware.o
 .comment       0x0000006e       0x6f ./src/main.o
 .comment       0x0000006e       0x6f ./src/stm32f4xx_hal_msp.o

.ARM.attributes
                0x00000000       0x31
 .ARM.attributes
                0x00000000       0x33 ./system/src/stm32f4-hal/stm32f4xx_hal.o
 .ARM.attributes
                0x00000033       0x33 ./system/src/stm32f4-hal/stm32f4xx_hal_cortex.o
 .ARM.attributes
                0x00000066       0x33 ./system/src/stm32f4-hal/stm32f4xx_hal_gpio.o
 .ARM.attributes
                0x00000099       0x33 ./system/src/stm32f4-hal/stm32f4xx_hal_rcc.o
 .ARM.attributes
                0x000000cc       0x33 ./system/src/newlib/_exit.o
 .ARM.attributes
                0x000000ff       0x33 ./system/src/newlib/_sbrk.o
 .ARM.attributes
                0x00000132       0x33 ./system/src/newlib/_startup.o
 .ARM.attributes
                0x00000165       0x33 ./system/src/newlib/_syscalls.o
 .ARM.attributes
                0x00000198       0x33 ./system/src/newlib/assert.o
 .ARM.attributes
                0x000001cb       0x33 ./system/src/diag/Trace.o
 .ARM.attributes
                0x000001fe       0x33 ./system/src/diag/trace_impl.o
 .ARM.attributes
                0x00000231       0x33 ./system/src/cortexm/_initialize_hardware.o
 .ARM.attributes
                0x00000264       0x33 ./system/src/cortexm/exception_handlers.o
 .ARM.attributes
                0x00000297       0x33 ./system/src/cmsis/system_stm32f4xx.o
 .ARM.attributes
                0x000002ca       0x33 ./system/src/cmsis/vectors_stm32f407xx.o
 .ARM.attributes
                0x000002fd       0x33 ./src/BlinkLed.o
 .ARM.attributes
                0x00000330       0x33 ./src/Timer.o
 .ARM.attributes
                0x00000363       0x33 ./src/_initialize_hardware.o
 .ARM.attributes
                0x00000396       0x33 ./src/main.o
 .ARM.attributes
                0x000003c9       0x33 ./src/stm32f4xx_hal_msp.o
 .ARM.attributes
                0x000003fc       0x2e /home/spolknut/ARMToolChains/gcc-arm-none-eabi-5_2-2015q4/bin/../lib/gcc/arm-none-eabi/5.2.1/../../../../arm-none-eabi/lib/armv7e-m/libg_nano.a(lib_a-errno.o)
 .ARM.attributes
                0x0000042a       0x2e /home/spolknut/ARMToolChains/gcc-arm-none-eabi-5_2-2015q4/bin/../lib/gcc/arm-none-eabi/5.2.1/../../../../arm-none-eabi/lib/armv7e-m/libg_nano.a(lib_a-impure.o)
 .ARM.attributes
                0x00000458       0x17 /home/spolknut/ARMToolChains/gcc-arm-none-eabi-5_2-2015q4/bin/../lib/gcc/arm-none-eabi/5.2.1/../../../../arm-none-eabi/lib/armv7e-m/libg_nano.a(lib_a-strlen.o)
 .ARM.attributes
                0x0000046f       0x2e /home/spolknut/ARMToolChains/gcc-arm-none-eabi-5_2-2015q4/bin/../lib/gcc/arm-none-eabi/5.2.1/../../../../arm-none-eabi/lib/armv7e-m/libg_nano.a(lib_a-vsnprintf.o)
 .ARM.attributes
                0x0000049d       0x2e /home/spolknut/ARMToolChains/gcc-arm-none-eabi-5_2-2015q4/bin/../lib/gcc/arm-none-eabi/5.2.1/../../../../arm-none-eabi/lib/armv7e-m/libg_nano.a(lib_a-nano-svfprintf.o)
 .ARM.attributes
                0x000004cb       0x2e /home/spolknut/ARMToolChains/gcc-arm-none-eabi-5_2-2015q4/bin/../lib/gcc/arm-none-eabi/5.2.1/../../../../arm-none-eabi/lib/armv7e-m/libg_nano.a(lib_a-nano-vfprintf_i.o)
 .ARM.attributes
                0x000004f9       0x1c /home/spolknut/ARMToolChains/gcc-arm-none-eabi-5_2-2015q4/bin/../lib/gcc/arm-none-eabi/5.2.1/../../../../arm-none-eabi/lib/armv7e-m/libg_nano.a(lib_a-memchr.o)
 .ARM.attributes
                0x00000515       0x2e /home/spolknut/ARMToolChains/gcc-arm-none-eabi-5_2-2015q4/bin/../lib/gcc/arm-none-eabi/5.2.1/../../../../arm-none-eabi/lib/armv7e-m/libg_nano.a(lib_a-memcpy-stub.o)
 .ARM.attributes
                0x00000543       0x2e /home/spolknut/ARMToolChains/gcc-arm-none-eabi-5_2-2015q4/bin/../lib/gcc/arm-none-eabi/5.2.1/../../../../arm-none-eabi/lib/armv7e-m/libg_nano.a(lib_a-memmove.o)
 .ARM.attributes
                0x00000571       0x2e /home/spolknut/ARMToolChains/gcc-arm-none-eabi-5_2-2015q4/bin/../lib/gcc/arm-none-eabi/5.2.1/../../../../arm-none-eabi/lib/armv7e-m/libg_nano.a(lib_a-nano-freer.o)
 .ARM.attributes
                0x0000059f       0x2e /home/spolknut/ARMToolChains/gcc-arm-none-eabi-5_2-2015q4/bin/../lib/gcc/arm-none-eabi/5.2.1/../../../../arm-none-eabi/lib/armv7e-m/libg_nano.a(lib_a-nano-mallocr.o)
 .ARM.attributes
                0x000005cd       0x2e /home/spolknut/ARMToolChains/gcc-arm-none-eabi-5_2-2015q4/bin/../lib/gcc/arm-none-eabi/5.2.1/../../../../arm-none-eabi/lib/armv7e-m/libg_nano.a(lib_a-nano-reallocr.o)
 .ARM.attributes
                0x000005fb       0x2e /home/spolknut/ARMToolChains/gcc-arm-none-eabi-5_2-2015q4/bin/../lib/gcc/arm-none-eabi/5.2.1/../../../../arm-none-eabi/lib/armv7e-m/libg_nano.a(lib_a-sbrkr.o)
 .ARM.attributes
                0x00000629       0x2e /home/spolknut/ARMToolChains/gcc-arm-none-eabi-5_2-2015q4/bin/../lib/gcc/arm-none-eabi/5.2.1/../../../../arm-none-eabi/lib/armv7e-m/libg_nano.a(lib_a-nano-msizer.o)

.debug
 *(.debug)

.line
 *(.line)

.debug_srcinfo
 *(.debug_srcinfo)

.debug_sfnames
 *(.debug_sfnames)

.debug_aranges  0x00000000      0x558
 *(.debug_aranges)
 .debug_aranges
                0x00000000       0xc0 ./system/src/stm32f4-hal/stm32f4xx_hal.o
 .debug_aranges
                0x000000c0       0x98 ./system/src/stm32f4-hal/stm32f4xx_hal_cortex.o
 .debug_aranges
                0x00000158       0x58 ./system/src/stm32f4-hal/stm32f4xx_hal_gpio.o
 .debug_aranges
                0x000001b0       0x88 ./system/src/stm32f4-hal/stm32f4xx_hal_rcc.o
 .debug_aranges
                0x00000238       0x28 ./system/src/newlib/_exit.o
 .debug_aranges
                0x00000260       0x20 ./system/src/newlib/_sbrk.o
 .debug_aranges
                0x00000280       0x40 ./system/src/newlib/_startup.o
 .debug_aranges
                0x000002c0       0x30 ./system/src/newlib/_syscalls.o
 .debug_aranges
                0x000002f0       0x28 ./system/src/newlib/assert.o
 .debug_aranges
                0x00000318       0x38 ./system/src/diag/Trace.o
 .debug_aranges
                0x00000350       0x30 ./system/src/diag/trace_impl.o
 .debug_aranges
                0x00000380       0x28 ./system/src/cortexm/_initialize_hardware.o
 .debug_aranges
                0x000003a8       0x90 ./system/src/cortexm/exception_handlers.o
 .debug_aranges
                0x00000438       0x28 ./system/src/cmsis/system_stm32f4xx.o
 .debug_aranges
                0x00000460       0x20 ./system/src/cmsis/vectors_stm32f407xx.o
 .debug_aranges
                0x00000480       0x20 ./src/BlinkLed.o
 .debug_aranges
                0x000004a0       0x38 ./src/Timer.o
 .debug_aranges
                0x000004d8       0x28 ./src/_initialize_hardware.o
 .debug_aranges
                0x00000500       0x20 ./src/main.o
 .debug_aranges
                0x00000520       0x38 ./src/stm32f4xx_hal_msp.o

.debug_pubnames
 *(.debug_pubnames)

.debug_info     0x00000000     0x6759
 *(.debug_info .gnu.linkonce.wi.*)
 .debug_info    0x00000000      0x8f3 ./system/src/stm32f4-hal/stm32f4xx_hal.o
 .debug_info    0x000008f3     0x10fb ./system/src/stm32f4-hal/stm32f4xx_hal_cortex.o
 .debug_info    0x000019ee      0x86a ./system/src/stm32f4-hal/stm32f4xx_hal_gpio.o
 .debug_info    0x00002258      0xfcc ./system/src/stm32f4-hal/stm32f4xx_hal_rcc.o
 .debug_info    0x00003224       0xef ./system/src/newlib/_exit.o
 .debug_info    0x00003313      0x11f ./system/src/newlib/_sbrk.o
 .debug_info    0x00003432      0x4ef ./system/src/newlib/_startup.o
 .debug_info    0x00003921      0x1bc ./system/src/newlib/_syscalls.o
 .debug_info    0x00003add      0x1a3 ./system/src/newlib/assert.o
 .debug_info    0x00003c80      0x2e7 ./system/src/diag/Trace.o
 .debug_info    0x00003f67      0x30a ./system/src/diag/trace_impl.o
 .debug_info    0x00004271      0x2b5 ./system/src/cortexm/_initialize_hardware.o
 .debug_info    0x00004526      0x8ea ./system/src/cortexm/exception_handlers.o
 .debug_info    0x00004e10      0x4a5 ./system/src/cmsis/system_stm32f4xx.o
 .debug_info    0x000052b5       0xd1 ./system/src/cmsis/vectors_stm32f407xx.o
 .debug_info    0x00005386      0x3e7 ./src/BlinkLed.o
 .debug_info    0x0000576d      0x72e ./src/Timer.o
 .debug_info    0x00005e9b      0x4f9 ./src/_initialize_hardware.o
 .debug_info    0x00006394      0x2e0 ./src/main.o
 .debug_info    0x00006674       0xe5 ./src/stm32f4xx_hal_msp.o

.debug_abbrev   0x00000000     0x1cdb
 *(.debug_abbrev)
 .debug_abbrev  0x00000000      0x222 ./system/src/stm32f4-hal/stm32f4xx_hal.o
 .debug_abbrev  0x00000222      0x324 ./system/src/stm32f4-hal/stm32f4xx_hal_cortex.o
 .debug_abbrev  0x00000546      0x204 ./system/src/stm32f4-hal/stm32f4xx_hal_gpio.o
 .debug_abbrev  0x0000074a      0x2b8 ./system/src/stm32f4-hal/stm32f4xx_hal_rcc.o
 .debug_abbrev  0x00000a02       0x8e ./system/src/newlib/_exit.o
 .debug_abbrev  0x00000a90       0xb9 ./system/src/newlib/_sbrk.o
 .debug_abbrev  0x00000b49      0x1d4 ./system/src/newlib/_startup.o
 .debug_abbrev  0x00000d1d       0xec ./system/src/newlib/_syscalls.o
 .debug_abbrev  0x00000e09       0xab ./system/src/newlib/assert.o
 .debug_abbrev  0x00000eb4      0x156 ./system/src/diag/Trace.o
 .debug_abbrev  0x0000100a      0x1c8 ./system/src/diag/trace_impl.o
 .debug_abbrev  0x000011d2       0xea ./system/src/cortexm/_initialize_hardware.o
 .debug_abbrev  0x000012bc      0x247 ./system/src/cortexm/exception_handlers.o
 .debug_abbrev  0x00001503      0x104 ./system/src/cmsis/system_stm32f4xx.o
 .debug_abbrev  0x00001607       0x9d ./system/src/cmsis/vectors_stm32f407xx.o
 .debug_abbrev  0x000016a4      0x152 ./src/BlinkLed.o
 .debug_abbrev  0x000017f6      0x1cf ./src/Timer.o
 .debug_abbrev  0x000019c5      0x14c ./src/_initialize_hardware.o
 .debug_abbrev  0x00001b11      0x160 ./src/main.o
 .debug_abbrev  0x00001c71       0x6a ./src/stm32f4xx_hal_msp.o

.debug_line     0x00000000     0xa5b2
 *(.debug_line)
 .debug_line    0x00000000      0xb77 ./system/src/stm32f4-hal/stm32f4xx_hal.o
 .debug_line    0x00000b77      0xc5a ./system/src/stm32f4-hal/stm32f4xx_hal_cortex.o
 .debug_line    0x000017d1      0xd0b ./system/src/stm32f4-hal/stm32f4xx_hal_gpio.o
 .debug_line    0x000024dc      0xe98 ./system/src/stm32f4-hal/stm32f4xx_hal_rcc.o
 .debug_line    0x00003374      0x312 ./system/src/newlib/_exit.o
 .debug_line    0x00003686      0x2c4 ./system/src/newlib/_sbrk.o
 .debug_line    0x0000394a      0x38c ./system/src/newlib/_startup.o
 .debug_line    0x00003cd6      0x3c8 ./system/src/newlib/_syscalls.o
 .debug_line    0x0000409e      0x34d ./system/src/newlib/assert.o
 .debug_line    0x000043eb      0x371 ./system/src/diag/Trace.o
 .debug_line    0x0000475c      0xab2 ./system/src/diag/trace_impl.o
 .debug_line    0x0000520e      0xa1b ./system/src/cortexm/_initialize_hardware.o
 .debug_line    0x00005c29      0xb44 ./system/src/cortexm/exception_handlers.o
 .debug_line    0x0000676d      0xa1b ./system/src/cmsis/system_stm32f4xx.o
 .debug_line    0x00007188      0x106 ./system/src/cmsis/vectors_stm32f407xx.o
 .debug_line    0x0000728e      0x9f9 ./src/BlinkLed.o
 .debug_line    0x00007c87      0xa6f ./src/Timer.o
 .debug_line    0x000086f6      0xa14 ./src/_initialize_hardware.o
 .debug_line    0x0000910a      0xa93 ./src/main.o
 .debug_line    0x00009b9d      0xa15 ./src/stm32f4xx_hal_msp.o

.debug_frame    0x00000000      0xd6c
 *(.debug_frame)
 .debug_frame   0x00000000      0x188 ./system/src/stm32f4-hal/stm32f4xx_hal.o
 .debug_frame   0x00000188      0x17c ./system/src/stm32f4-hal/stm32f4xx_hal_cortex.o
 .debug_frame   0x00000304       0xf8 ./system/src/stm32f4-hal/stm32f4xx_hal_gpio.o
 .debug_frame   0x000003fc      0x158 ./system/src/stm32f4-hal/stm32f4xx_hal_rcc.o
 .debug_frame   0x00000554       0x38 ./system/src/newlib/_exit.o
 .debug_frame   0x0000058c       0x28 ./system/src/newlib/_sbrk.o
 .debug_frame   0x000005b4       0x7c ./system/src/newlib/_startup.o
 .debug_frame   0x00000630       0x50 ./system/src/newlib/_syscalls.o
 .debug_frame   0x00000680       0x40 ./system/src/newlib/assert.o
 .debug_frame   0x000006c0       0x94 ./system/src/diag/Trace.o
 .debug_frame   0x00000754       0x60 ./system/src/diag/trace_impl.o
 .debug_frame   0x000007b4       0x40 ./system/src/cortexm/_initialize_hardware.o
 .debug_frame   0x000007f4      0x158 ./system/src/cortexm/exception_handlers.o
 .debug_frame   0x0000094c       0x30 ./system/src/cmsis/system_stm32f4xx.o
 .debug_frame   0x0000097c       0x20 ./system/src/cmsis/vectors_stm32f407xx.o
 .debug_frame   0x0000099c       0x30 ./src/BlinkLed.o
 .debug_frame   0x000009cc       0x58 ./src/Timer.o
 .debug_frame   0x00000a24       0x48 ./src/_initialize_hardware.o
 .debug_frame   0x00000a6c       0x28 ./src/main.o
 .debug_frame   0x00000a94       0x50 ./src/stm32f4xx_hal_msp.o
 .debug_frame   0x00000ae4       0x20 /home/spolknut/ARMToolChains/gcc-arm-none-eabi-5_2-2015q4/bin/../lib/gcc/arm-none-eabi/5.2.1/../../../../arm-none-eabi/lib/armv7e-m/libg_nano.a(lib_a-errno.o)
 .debug_frame   0x00000b04       0x48 /home/spolknut/ARMToolChains/gcc-arm-none-eabi-5_2-2015q4/bin/../lib/gcc/arm-none-eabi/5.2.1/../../../../arm-none-eabi/lib/armv7e-m/libg_nano.a(lib_a-vsnprintf.o)
 .debug_frame   0x00000b4c       0x90 /home/spolknut/ARMToolChains/gcc-arm-none-eabi-5_2-2015q4/bin/../lib/gcc/arm-none-eabi/5.2.1/../../../../arm-none-eabi/lib/armv7e-m/libg_nano.a(lib_a-nano-svfprintf.o)
 .debug_frame   0x00000bdc       0x60 /home/spolknut/ARMToolChains/gcc-arm-none-eabi-5_2-2015q4/bin/../lib/gcc/arm-none-eabi/5.2.1/../../../../arm-none-eabi/lib/armv7e-m/libg_nano.a(lib_a-nano-vfprintf_i.o)
 .debug_frame   0x00000c3c       0x28 /home/spolknut/ARMToolChains/gcc-arm-none-eabi-5_2-2015q4/bin/../lib/gcc/arm-none-eabi/5.2.1/../../../../arm-none-eabi/lib/armv7e-m/libg_nano.a(lib_a-memcpy-stub.o)
 .debug_frame   0x00000c64       0x28 /home/spolknut/ARMToolChains/gcc-arm-none-eabi-5_2-2015q4/bin/../lib/gcc/arm-none-eabi/5.2.1/../../../../arm-none-eabi/lib/armv7e-m/libg_nano.a(lib_a-memmove.o)
 .debug_frame   0x00000c8c       0x2c /home/spolknut/ARMToolChains/gcc-arm-none-eabi-5_2-2015q4/bin/../lib/gcc/arm-none-eabi/5.2.1/../../../../arm-none-eabi/lib/armv7e-m/libg_nano.a(lib_a-nano-freer.o)
 .debug_frame   0x00000cb8       0x2c /home/spolknut/ARMToolChains/gcc-arm-none-eabi-5_2-2015q4/bin/../lib/gcc/arm-none-eabi/5.2.1/../../../../arm-none-eabi/lib/armv7e-m/libg_nano.a(lib_a-nano-mallocr.o)
 .debug_frame   0x00000ce4       0x3c /home/spolknut/ARMToolChains/gcc-arm-none-eabi-5_2-2015q4/bin/../lib/gcc/arm-none-eabi/5.2.1/../../../../arm-none-eabi/lib/armv7e-m/libg_nano.a(lib_a-nano-reallocr.o)
 .debug_frame   0x00000d20       0x2c /home/spolknut/ARMToolChains/gcc-arm-none-eabi-5_2-2015q4/bin/../lib/gcc/arm-none-eabi/5.2.1/../../../../arm-none-eabi/lib/armv7e-m/libg_nano.a(lib_a-sbrkr.o)
 .debug_frame   0x00000d4c       0x20 /home/spolknut/ARMToolChains/gcc-arm-none-eabi-5_2-2015q4/bin/../lib/gcc/arm-none-eabi/5.2.1/../../../../arm-none-eabi/lib/armv7e-m/libg_nano.a(lib_a-nano-msizer.o)

.debug_str      0x00000000    0xa2844
 *(.debug_str)
 .debug_str     0x00000000    0x9ece9 ./system/src/stm32f4-hal/stm32f4xx_hal.o
                              0x9f0f8 (size before relaxing)
 .debug_str     0x0009ece9      0x3b6 ./system/src/stm32f4-hal/stm32f4xx_hal_cortex.o
                              0x9ef75 (size before relaxing)
 .debug_str     0x0009f09f      0x2d5 ./system/src/stm32f4-hal/stm32f4xx_hal_gpio.o
                              0x9e976 (size before relaxing)
 .debug_str     0x0009f374      0x393 ./system/src/stm32f4-hal/stm32f4xx_hal_rcc.o
                              0x9eb1b (size before relaxing)
 .debug_str     0x0009f707     0x1090 ./system/src/newlib/_exit.o
                               0x6a06 (size before relaxing)
 .debug_str     0x000a0797      0x4de ./system/src/newlib/_sbrk.o
                               0x5e17 (size before relaxing)
 .debug_str     0x000a0c75      0x2cc ./system/src/newlib/_startup.o
                               0x5a18 (size before relaxing)
 .debug_str     0x000a0f41      0xe06 ./system/src/newlib/_syscalls.o
                               0x6c5f (size before relaxing)
 .debug_str     0x000a1d47       0xd5 ./system/src/newlib/assert.o
                               0x750f (size before relaxing)
 .debug_str     0x000a1e1c      0x17b ./system/src/diag/Trace.o
                               0x7316 (size before relaxing)
 .debug_str     0x000a1f97      0x37b ./system/src/diag/trace_impl.o
                              0x9f817 (size before relaxing)
 .debug_str     0x000a2312       0x5e ./system/src/cortexm/_initialize_hardware.o
                              0x9e629 (size before relaxing)
 .debug_str     0x000a2370      0x19d ./system/src/cortexm/exception_handlers.o
                              0x9f99e (size before relaxing)
 .debug_str     0x000a250d       0x46 ./system/src/cmsis/system_stm32f4xx.o
                              0x9e712 (size before relaxing)
 .debug_str     0x000a2553       0x59 ./system/src/cmsis/vectors_stm32f407xx.o
                               0x309f (size before relaxing)
 .debug_str     0x000a25ac      0x12f ./src/BlinkLed.o
                              0x9e7de (size before relaxing)
 .debug_str     0x000a26db       0x76 ./src/Timer.o
                              0x9ec28 (size before relaxing)
 .debug_str     0x000a2751       0x31 ./src/_initialize_hardware.o
                              0x9e810 (size before relaxing)
 .debug_str     0x000a2782       0x85 ./src/main.o
                              0x9f7d1 (size before relaxing)
 .debug_str     0x000a2807       0x3d ./src/stm32f4xx_hal_msp.o
                              0x9e55d (size before relaxing)

.debug_loc      0x00000000     0x1d81
 *(.debug_loc)
 .debug_loc     0x00000000       0x92 ./system/src/stm32f4-hal/stm32f4xx_hal.o
 .debug_loc     0x00000092      0x580 ./system/src/stm32f4-hal/stm32f4xx_hal_cortex.o
 .debug_loc     0x00000612      0x4b0 ./system/src/stm32f4-hal/stm32f4xx_hal_gpio.o
 .debug_loc     0x00000ac2      0x64a ./system/src/stm32f4-hal/stm32f4xx_hal_rcc.o
 .debug_loc     0x0000110c       0x82 ./system/src/newlib/_sbrk.o
 .debug_loc     0x0000118e      0x36e ./system/src/newlib/_startup.o
 .debug_loc     0x000014fc       0x63 ./system/src/newlib/_syscalls.o
 .debug_loc     0x0000155f      0x110 ./system/src/newlib/assert.o
 .debug_loc     0x0000166f      0x102 ./system/src/diag/Trace.o
 .debug_loc     0x00001771      0x17c ./system/src/diag/trace_impl.o
 .debug_loc     0x000018ed      0x2a8 ./system/src/cortexm/exception_handlers.o
 .debug_loc     0x00001b95      0x132 ./system/src/cmsis/system_stm32f4xx.o
 .debug_loc     0x00001cc7       0x59 ./src/Timer.o
 .debug_loc     0x00001d20       0x61 ./src/main.o

.debug_macinfo
 *(.debug_macinfo)

.debug_weaknames
 *(.debug_weaknames)

.debug_funcnames
 *(.debug_funcnames)

.debug_typenames
 *(.debug_typenames)

.debug_varnames
 *(.debug_varnames)
OUTPUT(blinkyLED.elf elf32-littlearm)

.debug_ranges   0x00000000      0x448
 .debug_ranges  0x00000000       0xb0 ./system/src/stm32f4-hal/stm32f4xx_hal.o
 .debug_ranges  0x000000b0       0x88 ./system/src/stm32f4-hal/stm32f4xx_hal_cortex.o
 .debug_ranges  0x00000138       0x48 ./system/src/stm32f4-hal/stm32f4xx_hal_gpio.o
 .debug_ranges  0x00000180       0x78 ./system/src/stm32f4-hal/stm32f4xx_hal_rcc.o
 .debug_ranges  0x000001f8       0x18 ./system/src/newlib/_exit.o
 .debug_ranges  0x00000210       0x10 ./system/src/newlib/_sbrk.o
 .debug_ranges  0x00000220       0x30 ./system/src/newlib/_startup.o
 .debug_ranges  0x00000250       0x20 ./system/src/newlib/_syscalls.o
 .debug_ranges  0x00000270       0x18 ./system/src/newlib/assert.o
 .debug_ranges  0x00000288       0x28 ./system/src/diag/Trace.o
 .debug_ranges  0x000002b0       0x38 ./system/src/diag/trace_impl.o
 .debug_ranges  0x000002e8       0x18 ./system/src/cortexm/_initialize_hardware.o
 .debug_ranges  0x00000300       0x98 ./system/src/cortexm/exception_handlers.o
 .debug_ranges  0x00000398       0x18 ./system/src/cmsis/system_stm32f4xx.o
 .debug_ranges  0x000003b0       0x10 ./system/src/cmsis/vectors_stm32f407xx.o
 .debug_ranges  0x000003c0       0x10 ./src/BlinkLed.o
 .debug_ranges  0x000003d0       0x28 ./src/Timer.o
 .debug_ranges  0x000003f8       0x18 ./src/_initialize_hardware.o
 .debug_ranges  0x00000410       0x10 ./src/main.o
 .debug_ranges  0x00000420       0x28 ./src/stm32f4xx_hal_msp.o

.debug_macro    0x00000000    0x1b76b
 .debug_macro   0x00000000      0x506 ./system/src/stm32f4-hal/stm32f4xx_hal.o
 .debug_macro   0x00000506      0x898 ./system/src/stm32f4-hal/stm32f4xx_hal.o
 .debug_macro   0x00000d9e      0x275 ./system/src/stm32f4-hal/stm32f4xx_hal.o
 .debug_macro   0x00001013       0x2e ./system/src/stm32f4-hal/stm32f4xx_hal.o
 .debug_macro   0x00001041       0x28 ./system/src/stm32f4-hal/stm32f4xx_hal.o
 .debug_macro   0x00001069      0x34e ./system/src/stm32f4-hal/stm32f4xx_hal.o
 .debug_macro   0x000013b7       0x35 ./system/src/stm32f4-hal/stm32f4xx_hal.o
 .debug_macro   0x000013ec       0x50 ./system/src/stm32f4-hal/stm32f4xx_hal.o
 .debug_macro   0x0000143c      0xe66 ./system/src/stm32f4-hal/stm32f4xx_hal.o
 .debug_macro   0x000022a2     0x9335 ./system/src/stm32f4-hal/stm32f4xx_hal.o
 .debug_macro   0x0000b5d7       0x43 ./system/src/stm32f4-hal/stm32f4xx_hal.o
 .debug_macro   0x0000b61a     0x3222 ./system/src/stm32f4-hal/stm32f4xx_hal.o
 .debug_macro   0x0000e83c       0x58 ./system/src/stm32f4-hal/stm32f4xx_hal.o
 .debug_macro   0x0000e894       0x22 ./system/src/stm32f4-hal/stm32f4xx_hal.o
 .debug_macro   0x0000e8b6       0x35 ./system/src/stm32f4-hal/stm32f4xx_hal.o
 .debug_macro   0x0000e8eb       0x9c ./system/src/stm32f4-hal/stm32f4xx_hal.o
 .debug_macro   0x0000e987       0x16 ./system/src/stm32f4-hal/stm32f4xx_hal.o
 .debug_macro   0x0000e99d       0x4a ./system/src/stm32f4-hal/stm32f4xx_hal.o
 .debug_macro   0x0000e9e7       0x97 ./system/src/stm32f4-hal/stm32f4xx_hal.o
 .debug_macro   0x0000ea7e      0x329 ./system/src/stm32f4-hal/stm32f4xx_hal.o
 .debug_macro   0x0000eda7       0xfd ./system/src/stm32f4-hal/stm32f4xx_hal.o
 .debug_macro   0x0000eea4       0x10 ./system/src/stm32f4-hal/stm32f4xx_hal.o
 .debug_macro   0x0000eeb4       0x52 ./system/src/stm32f4-hal/stm32f4xx_hal.o
 .debug_macro   0x0000ef06       0x16 ./system/src/stm32f4-hal/stm32f4xx_hal.o
 .debug_macro   0x0000ef1c       0x43 ./system/src/stm32f4-hal/stm32f4xx_hal.o
 .debug_macro   0x0000ef5f      0x187 ./system/src/stm32f4-hal/stm32f4xx_hal.o
 .debug_macro   0x0000f0e6       0x10 ./system/src/stm32f4-hal/stm32f4xx_hal.o
 .debug_macro   0x0000f0f6       0x22 ./system/src/stm32f4-hal/stm32f4xx_hal.o
 .debug_macro   0x0000f118       0x22 ./system/src/stm32f4-hal/stm32f4xx_hal.o
 .debug_macro   0x0000f13a       0x3a ./system/src/stm32f4-hal/stm32f4xx_hal.o
 .debug_macro   0x0000f174       0x10 ./system/src/stm32f4-hal/stm32f4xx_hal.o
 .debug_macro   0x0000f184       0x40 ./system/src/stm32f4-hal/stm32f4xx_hal.o
 .debug_macro   0x0000f1c4       0x65 ./system/src/stm32f4-hal/stm32f4xx_hal.o
 .debug_macro   0x0000f229       0x16 ./system/src/stm32f4-hal/stm32f4xx_hal.o
 .debug_macro   0x0000f23f      0x197 ./system/src/stm32f4-hal/stm32f4xx_hal.o
 .debug_macro   0x0000f3d6       0x57 ./system/src/stm32f4-hal/stm32f4xx_hal.o
 .debug_macro   0x0000f42d      0x71f ./system/src/stm32f4-hal/stm32f4xx_hal.o
 .debug_macro   0x0000fb4c      0x8b5 ./system/src/stm32f4-hal/stm32f4xx_hal.o
 .debug_macro   0x00010401      0x11e ./system/src/stm32f4-hal/stm32f4xx_hal.o
 .debug_macro   0x0001051f      0x13e ./system/src/stm32f4-hal/stm32f4xx_hal.o
 .debug_macro   0x0001065d       0x27 ./system/src/stm32f4-hal/stm32f4xx_hal.o
 .debug_macro   0x00010684      0x272 ./system/src/stm32f4-hal/stm32f4xx_hal.o
 .debug_macro   0x000108f6       0x5f ./system/src/stm32f4-hal/stm32f4xx_hal.o
 .debug_macro   0x00010955      0x241 ./system/src/stm32f4-hal/stm32f4xx_hal.o
 .debug_macro   0x00010b96      0x31a ./system/src/stm32f4-hal/stm32f4xx_hal.o
 .debug_macro   0x00010eb0      0x162 ./system/src/stm32f4-hal/stm32f4xx_hal.o
 .debug_macro   0x00011012       0xd6 ./system/src/stm32f4-hal/stm32f4xx_hal.o
 .debug_macro   0x000110e8      0x360 ./system/src/stm32f4-hal/stm32f4xx_hal.o
 .debug_macro   0x00011448       0x23 ./system/src/stm32f4-hal/stm32f4xx_hal.o
 .debug_macro   0x0001146b       0xe6 ./system/src/stm32f4-hal/stm32f4xx_hal.o
 .debug_macro   0x00011551       0xa1 ./system/src/stm32f4-hal/stm32f4xx_hal.o
 .debug_macro   0x000115f2       0x3c ./system/src/stm32f4-hal/stm32f4xx_hal.o
 .debug_macro   0x0001162e      0x1af ./system/src/stm32f4-hal/stm32f4xx_hal.o
 .debug_macro   0x000117dd      0xd93 ./system/src/stm32f4-hal/stm32f4xx_hal.o
 .debug_macro   0x00012570      0x13a ./system/src/stm32f4-hal/stm32f4xx_hal.o
 .debug_macro   0x000126aa      0x21e ./system/src/stm32f4-hal/stm32f4xx_hal.o
 .debug_macro   0x000128c8       0x2e ./system/src/stm32f4-hal/stm32f4xx_hal.o
 .debug_macro   0x000128f6      0x4ef ./system/src/stm32f4-hal/stm32f4xx_hal.o
 .debug_macro   0x00012de5       0x88 ./system/src/stm32f4-hal/stm32f4xx_hal.o
 .debug_macro   0x00012e6d       0xd5 ./system/src/stm32f4-hal/stm32f4xx_hal.o
 .debug_macro   0x00012f42      0x183 ./system/src/stm32f4-hal/stm32f4xx_hal.o
 .debug_macro   0x000130c5      0x17d ./system/src/stm32f4-hal/stm32f4xx_hal.o
 .debug_macro   0x00013242       0x9e ./system/src/stm32f4-hal/stm32f4xx_hal.o
 .debug_macro   0x000132e0      0x18b ./system/src/stm32f4-hal/stm32f4xx_hal.o
 .debug_macro   0x0001346b       0x24 ./system/src/stm32f4-hal/stm32f4xx_hal.o
 .debug_macro   0x0001348f       0x35 ./system/src/stm32f4-hal/stm32f4xx_hal.o
 .debug_macro   0x000134c4       0x97 ./system/src/stm32f4-hal/stm32f4xx_hal.o
 .debug_macro   0x0001355b      0x11e ./system/src/stm32f4-hal/stm32f4xx_hal.o
 .debug_macro   0x00013679       0x7f ./system/src/stm32f4-hal/stm32f4xx_hal.o
 .debug_macro   0x000136f8       0x89 ./system/src/stm32f4-hal/stm32f4xx_hal.o
 .debug_macro   0x00013781       0x7e ./system/src/stm32f4-hal/stm32f4xx_hal.o
 .debug_macro   0x000137ff      0x31a ./system/src/stm32f4-hal/stm32f4xx_hal.o
 .debug_macro   0x00013b19      0x409 ./system/src/stm32f4-hal/stm32f4xx_hal.o
 .debug_macro   0x00013f22       0xe4 ./system/src/stm32f4-hal/stm32f4xx_hal.o
 .debug_macro   0x00014006      0x48d ./system/src/stm32f4-hal/stm32f4xx_hal.o
 .debug_macro   0x00014493      0x22b ./system/src/stm32f4-hal/stm32f4xx_hal.o
 .debug_macro   0x000146be      0x202 ./system/src/stm32f4-hal/stm32f4xx_hal.o
 .debug_macro   0x000148c0      0x6d9 ./system/src/stm32f4-hal/stm32f4xx_hal.o
 .debug_macro   0x00014f99       0x59 ./system/src/stm32f4-hal/stm32f4xx_hal.o
 .debug_macro   0x00014ff2      0x14d ./system/src/stm32f4-hal/stm32f4xx_hal.o
 .debug_macro   0x0001513f      0x287 ./system/src/stm32f4-hal/stm32f4xx_hal.o
 .debug_macro   0x000153c6      0x225 ./system/src/stm32f4-hal/stm32f4xx_hal.o
 .debug_macro   0x000155eb      0x1b5 ./system/src/stm32f4-hal/stm32f4xx_hal.o
 .debug_macro   0x000157a0      0x2db ./system/src/stm32f4-hal/stm32f4xx_hal.o
 .debug_macro   0x00015a7b       0x94 ./system/src/stm32f4-hal/stm32f4xx_hal.o
 .debug_macro   0x00015b0f      0x1df ./system/src/stm32f4-hal/stm32f4xx_hal.o
 .debug_macro   0x00015cee      0x11c ./system/src/stm32f4-hal/stm32f4xx_hal.o
 .debug_macro   0x00015e0a       0x75 ./system/src/stm32f4-hal/stm32f4xx_hal.o
 .debug_macro   0x00015e7f      0x125 ./system/src/stm32f4-hal/stm32f4xx_hal.o
 .debug_macro   0x00015fa4      0x4b8 ./system/src/stm32f4-hal/stm32f4xx_hal_cortex.o
 .debug_macro   0x0001645c      0x4f0 ./system/src/stm32f4-hal/stm32f4xx_hal_gpio.o
 .debug_macro   0x0001694c      0x4e2 ./system/src/stm32f4-hal/stm32f4xx_hal_rcc.o
 .debug_macro   0x00016e2e      0x172 ./system/src/newlib/_exit.o
 .debug_macro   0x00016fa0      0x10e ./system/src/newlib/_exit.o
 .debug_macro   0x000170ae       0x8d ./system/src/newlib/_exit.o
 .debug_macro   0x0001713b       0x35 ./system/src/newlib/_exit.o
 .debug_macro   0x00017170      0x12e ./system/src/newlib/_sbrk.o
 .debug_macro   0x0001729e      0x174 ./system/src/newlib/_sbrk.o
 .debug_macro   0x00017412       0x10 ./system/src/newlib/_sbrk.o
 .debug_macro   0x00017422      0x23b ./system/src/newlib/_sbrk.o
 .debug_macro   0x0001765d      0x138 ./system/src/newlib/_startup.o
 .debug_macro   0x00017795      0x89e ./system/src/newlib/_startup.o
 .debug_macro   0x00018033      0x1c6 ./system/src/newlib/_syscalls.o
 .debug_macro   0x000181f9       0x1c ./system/src/newlib/_syscalls.o
 .debug_macro   0x00018215       0x10 ./system/src/newlib/_syscalls.o
 .debug_macro   0x00018225       0x10 ./system/src/newlib/_syscalls.o
 .debug_macro   0x00018235       0x10 ./system/src/newlib/_syscalls.o
 .debug_macro   0x00018245       0x35 ./system/src/newlib/_syscalls.o
 .debug_macro   0x0001827a      0x122 ./system/src/newlib/_syscalls.o
 .debug_macro   0x0001839c       0x88 ./system/src/newlib/_syscalls.o
 .debug_macro   0x00018424       0x2b ./system/src/newlib/_syscalls.o
 .debug_macro   0x0001844f      0x118 ./system/src/newlib/_syscalls.o
 .debug_macro   0x00018567      0x159 ./system/src/newlib/_syscalls.o
 .debug_macro   0x000186c0       0x16 ./system/src/newlib/_syscalls.o
 .debug_macro   0x000186d6      0x18e ./system/src/newlib/assert.o
 .debug_macro   0x00018864       0x1c ./system/src/newlib/assert.o
 .debug_macro   0x00018880      0x19f ./system/src/diag/Trace.o
 .debug_macro   0x00018a1f       0x52 ./system/src/diag/Trace.o
 .debug_macro   0x00018a71       0x16 ./system/src/diag/Trace.o
 .debug_macro   0x00018a87      0x4fe ./system/src/diag/trace_impl.o
 .debug_macro   0x00018f85       0x22 ./system/src/diag/trace_impl.o
 .debug_macro   0x00018fa7      0x4c2 ./system/src/cortexm/_initialize_hardware.o
 .debug_macro   0x00019469      0x517 ./system/src/cortexm/exception_handlers.o
 .debug_macro   0x00019980       0x3b ./system/src/cortexm/exception_handlers.o
 .debug_macro   0x000199bb      0x4be ./system/src/cmsis/system_stm32f4xx.o
 .debug_macro   0x00019e79       0x34 ./system/src/cmsis/vectors_stm32f407xx.o
 .debug_macro   0x00019ead      0x4c7 ./src/BlinkLed.o
 .debug_macro   0x0001a374       0x28 ./src/BlinkLed.o
 .debug_macro   0x0001a39c      0x4db ./src/Timer.o
 .debug_macro   0x0001a877       0x10 ./src/Timer.o
 .debug_macro   0x0001a887      0x4b8 ./src/_initialize_hardware.o
 .debug_macro   0x0001ad3f      0x546 ./src/main.o
 .debug_macro   0x0001b285       0x2e ./src/main.o
 .debug_macro   0x0001b2b3      0x4b8 ./src/stm32f4xx_hal_msp.o
